// Jest Snapshot v1, https://goo.gl/fbAQLP

exports[`test the dark sky proxy server route 1`] = `
Object {
  "header": Object {
    "connection": "close",
    "content-length": "1219",
    "content-type": "application/json; charset=utf-8",
    "date": "Mon, 16 Dec 2019 01:35:01 GMT",
    "etag": "W/\\"4c3-nN2nSSWZuHATueW/FbbT+mkXSMg\\"",
    "x-powered-by": "Express",
  },
  "req": Object {
    "data": undefined,
    "headers": Object {
      "user-agent": "node-superagent/3.8.3",
    },
    "method": "GET",
    "url": "http://127.0.0.1:51117/darkskyapi/42.3601/-71.0589/255657600",
  },
  "status": 200,
  "text": "{\\"forecast\\":{\\"latitude\\":42.3601,\\"longitude\\":-71.0589,\\"timezone\\":\\"America/New_York\\",\\"daily\\":{\\"data\\":[{\\"time\\":255589200,\\"summary\\":\\"Snow and dangerously windy throughout the day.\\",\\"icon\\":\\"snow\\",\\"sunriseTime\\":255614040,\\"sunsetTime\\":255650760,\\"moonPhase\\":0.98,\\"precipIntensity\\":0.0328,\\"precipIntensityMax\\":0.1745,\\"precipIntensityMaxTime\\":255658620,\\"precipProbability\\":1,\\"precipType\\":\\"snow\\",\\"precipAccumulation\\":5.96,\\"temperatureHigh\\":34.59,\\"temperatureHighTime\\":255630540,\\"temperatureLow\\":29.51,\\"temperatureLowTime\\":255697260,\\"apparentTemperatureHigh\\":23.81,\\"apparentTemperatureHighTime\\":255629340,\\"apparentTemperatureLow\\":12.5,\\"apparentTemperatureLowTime\\":255668280,\\"dewPoint\\":26.38,\\"humidity\\":0.87,\\"pressure\\":1016.6,\\"windSpeed\\":23.39,\\"windGust\\":97.39,\\"windGustTime\\":255658260,\\"windBearing\\":57,\\"cloudCover\\":0.95,\\"uvIndex\\":2,\\"uvIndexTime\\":255632520,\\"visibility\\":5.502,\\"temperatureMin\\":23.32,\\"temperatureMinTime\\":255598740,\\"temperatureMax\\":34.59,\\"temperatureMaxTime\\":255630540,\\"apparentTemperatureMin\\":12.5,\\"apparentTemperatureMinTime\\":255668280,\\"apparentTemperatureMax\\":23.81,\\"apparentTemperatureMaxTime\\":255629340}]},\\"offset\\":-5},\\"alerts\\":{\\"latitude\\":42.3601,\\"longitude\\":-71.0589,\\"timezone\\":\\"America/New_York\\",\\"offset\\":-5}}",
}
`;

exports[`test the geonames proxy server route 1`] = `
Object {
  "header": Object {
    "connection": "close",
    "content-length": "3723",
    "content-type": "application/json; charset=utf-8",
    "date": "Mon, 16 Dec 2019 01:34:59 GMT",
    "etag": "W/\\"e8b-TkbttmTDluP2kS+5qFaJ2QCxN1c\\"",
    "x-powered-by": "Express",
  },
  "req": Object {
    "data": undefined,
    "headers": Object {
      "user-agent": "node-superagent/3.8.3",
    },
    "method": "GET",
    "url": "http://127.0.0.1:51112/geonamesapi/milano",
  },
  "status": 200,
  "text": "{\\"totalResultsCount\\":2290,\\"geonames\\":[{\\"adminCode1\\":\\"09\\",\\"lng\\":\\"9.18951\\",\\"geonameId\\":3173435,\\"toponymName\\":\\"Milan\\",\\"countryId\\":\\"3175395\\",\\"fcl\\":\\"P\\",\\"population\\":1236837,\\"countryCode\\":\\"IT\\",\\"name\\":\\"Milan\\",\\"fclName\\":\\"city, village,...\\",\\"adminCodes1\\":{\\"ISO3166_2\\":\\"25\\"},\\"countryName\\":\\"Italy\\",\\"fcodeName\\":\\"seat of a first-order administrative division\\",\\"adminName1\\":\\"Lombardy\\",\\"lat\\":\\"45.46427\\",\\"fcode\\":\\"PPLA\\"},{\\"adminCode1\\":\\"09\\",\\"lng\\":\\"9.27952\\",\\"geonameId\\":6299580,\\"toponymName\\":\\"Milano Linate Airport\\",\\"countryId\\":\\"3175395\\",\\"fcl\\":\\"S\\",\\"population\\":0,\\"countryCode\\":\\"IT\\",\\"name\\":\\"Milan Linate Airport\\",\\"fclName\\":\\"spot, building, farm\\",\\"adminCodes1\\":{\\"ISO3166_2\\":\\"25\\"},\\"countryName\\":\\"Italy\\",\\"fcodeName\\":\\"airport\\",\\"adminName1\\":\\"Lombardy\\",\\"lat\\":\\"45.46081\\",\\"fcode\\":\\"AIRP\\"},{\\"adminCode1\\":\\"09\\",\\"lng\\":\\"9.14586\\",\\"geonameId\\":3173434,\\"toponymName\\":\\"Citt√† metropolitana di Milano\\",\\"countryId\\":\\"3175395\\",\\"fcl\\":\\"A\\",\\"population\\":3038420,\\"countryCode\\":\\"IT\\",\\"name\\":\\"Milan\\",\\"fclName\\":\\"country, state, region,...\\",\\"adminCodes1\\":{\\"ISO3166_2\\":\\"25\\"},\\"countryName\\":\\"Italy\\",\\"fcodeName\\":\\"second-order administrative division\\",\\"adminName1\\":\\"Lombardy\\",\\"lat\\":\\"45.45186\\",\\"fcode\\":\\"ADM2\\"},{\\"adminCode1\\":\\"09\\",\\"lng\\":\\"8.71508\\",\\"geonameId\\":3174133,\\"toponymName\\":\\"Milano Malpensa Airport\\",\\"countryId\\":\\"3175395\\",\\"fcl\\":\\"S\\",\\"population\\":0,\\"countryCode\\":\\"IT\\",\\"name\\":\\"Milano Malpensa Airport\\",\\"fclName\\":\\"spot, building, farm\\",\\"adminCodes1\\":{\\"ISO3166_2\\":\\"25\\"},\\"countryName\\":\\"Italy\\",\\"fcodeName\\":\\"airport\\",\\"adminName1\\":\\"Lombardy\\",\\"lat\\":\\"45.62754\\",\\"fcode\\":\\"AIRP\\"},{\\"adminCode1\\":\\"09\\",\\"lng\\":\\"9.19056\\",\\"geonameId\\":6694825,\\"toponymName\\":\\"Duomo di Milano\\",\\"countryId\\":\\"3175395\\",\\"fcl\\":\\"S\\",\\"population\\":0,\\"countryCode\\":\\"IT\\",\\"name\\":\\"Milan Cathedral\\",\\"fclName\\":\\"spot, building, farm\\",\\"adminCodes1\\":{\\"ISO3166_2\\":\\"25\\"},\\"countryName\\":\\"Italy\\",\\"fcodeName\\":\\"church\\",\\"adminName1\\":\\"Lombardy\\",\\"lat\\":\\"45.46422\\",\\"fcode\\":\\"CH\\"},{\\"adminCode1\\":\\"09\\",\\"lng\\":\\"9.29812\\",\\"geonameId\\":3166808,\\"toponymName\\":\\"Segrate\\",\\"countryId\\":\\"3175395\\",\\"fcl\\":\\"P\\",\\"population\\":28296,\\"countryCode\\":\\"IT\\",\\"name\\":\\"Segrate\\",\\"fclName\\":\\"city, village,...\\",\\"adminCodes1\\":{\\"ISO3166_2\\":\\"25\\"},\\"countryName\\":\\"Italy\\",\\"fcodeName\\":\\"seat of a third-order administrative division\\",\\"adminName1\\":\\"Lombardy\\",\\"lat\\":\\"45.49185\\",\\"fcode\\":\\"PPLA3\\"},{\\"adminCode1\\":\\"09\\",\\"lng\\":\\"9.0402\\",\\"geonameId\\":3169447,\\"toponymName\\":\\"Rho\\",\\"countryId\\":\\"3175395\\",\\"fcl\\":\\"P\\",\\"population\\":47086,\\"countryCode\\":\\"IT\\",\\"name\\":\\"Rho\\",\\"fclName\\":\\"city, village,...\\",\\"adminCodes1\\":{\\"ISO3166_2\\":\\"25\\"},\\"countryName\\":\\"Italy\\",\\"fcodeName\\":\\"seat of a third-order administrative division\\",\\"adminName1\\":\\"Lombardy\\",\\"lat\\":\\"45.53245\\",\\"fcode\\":\\"PPLA3\\"},{\\"adminCode1\\":\\"09\\",\\"lng\\":\\"8.91506\\",\\"geonameId\\":3174921,\\"toponymName\\":\\"Legnano\\",\\"countryId\\":\\"3175395\\",\\"fcl\\":\\"P\\",\\"population\\":57589,\\"countryCode\\":\\"IT\\",\\"name\\":\\"Legnano\\",\\"fclName\\":\\"city, village,...\\",\\"adminCodes1\\":{\\"ISO3166_2\\":\\"25\\"},\\"countryName\\":\\"Italy\\",\\"fcodeName\\":\\"seat of a third-order administrative division\\",\\"adminName1\\":\\"Lombardy\\",\\"lat\\":\\"45.59788\\",\\"fcode\\":\\"PPLA3\\"},{\\"adminCode1\\":\\"09\\",\\"lng\\":\\"8.91678\\",\\"geonameId\\":3183573,\\"toponymName\\":\\"Abbiategrasso\\",\\"countryId\\":\\"3175395\\",\\"fcl\\":\\"P\\",\\"population\\":30659,\\"countryCode\\":\\"IT\\",\\"name\\":\\"Abbiategrasso\\",\\"fclName\\":\\"city, village,...\\",\\"adminCodes1\\":{\\"ISO3166_2\\":\\"25\\"},\\"countryName\\":\\"Italy\\",\\"fcodeName\\":\\"seat of a third-order administrative division\\",\\"adminName1\\":\\"Lombardy\\",\\"lat\\":\\"45.39821\\",\\"fcode\\":\\"PPLA3\\"},{\\"adminCode1\\":\\"09\\",\\"lng\\":\\"9.21495\\",\\"geonameId\\":3178671,\\"toponymName\\":\\"Cinisello Balsamo\\",\\"countryId\\":\\"3175395\\",\\"fcl\\":\\"P\\",\\"population\\":71109,\\"countryCode\\":\\"IT\\",\\"name\\":\\"Cinisello Balsamo\\",\\"fclName\\":\\"city, village,...\\",\\"adminCodes1\\":{\\"ISO3166_2\\":\\"25\\"},\\"countryName\\":\\"Italy\\",\\"fcodeName\\":\\"seat of a third-order administrative division\\",\\"adminName1\\":\\"Lombardy\\",\\"lat\\":\\"45.55823\\",\\"fcode\\":\\"PPLA3\\"}]}",
}
`;

exports[`test the pixabay proxy server route 1`] = `
Object {
  "header": Object {
    "connection": "close",
    "content-length": "15869",
    "content-type": "application/json; charset=utf-8",
    "date": "Mon, 16 Dec 2019 01:35:01 GMT",
    "etag": "W/\\"3dfd-Pd9WsmC3+IO7PgDyoDEuDCwrdp0\\"",
    "x-powered-by": "Express",
  },
  "req": Object {
    "data": undefined,
    "headers": Object {
      "user-agent": "node-superagent/3.8.3",
    },
    "method": "GET",
    "url": "http://127.0.0.1:51122/pixabayapi/milano",
  },
  "status": 200,
  "text": "{\\"totalHits\\":158,\\"hits\\":[{\\"largeImageURL\\":\\"https://pixabay.com/get/53e4d7464a52b108f5d084609629337b153ddde3534c704c72297fd2974cc55a_1280.jpg\\",\\"webformatHeight\\":488,\\"webformatWidth\\":640,\\"likes\\":170,\\"imageWidth\\":1946,\\"id\\":542500,\\"user_id\\":592725,\\"views\\":38263,\\"comments\\":29,\\"pageURL\\":\\"https://pixabay.com/photos/hummingbird-hawk-moth-butterfly-542500/\\",\\"imageHeight\\":1484,\\"webformatURL\\":\\"https://pixabay.com/get/53e4d7464a52b108f5d084609629337b153ddde3534c704c72297fd2974cc55a_640.jpg\\",\\"type\\":\\"photo\\",\\"previewHeight\\":114,\\"tags\\":\\"hummingbird hawk moth, butterfly, macroglossum stellatarum\\",\\"downloads\\":6607,\\"user\\":\\"Magdebuerger\\",\\"favorites\\":143,\\"imageSize\\":577986,\\"previewWidth\\":150,\\"userImageURL\\":\\"https://cdn.pixabay.com/user/2014/11/24/23-43-57-871_250x250.jpg\\",\\"previewURL\\":\\"https://cdn.pixabay.com/photo/2014/11/23/10/26/hummingbird-hawk-moth-542500_150.jpg\\"},{\\"largeImageURL\\":\\"https://pixabay.com/get/52e6d24b4d52a914f6da8c7dda79367a103fdce655516c4870287dd0914dc458ba_1280.jpg\\",\\"webformatHeight\\":426,\\"webformatWidth\\":640,\\"likes\\":1,\\"imageWidth\\":10000,\\"id\\":4678705,\\"user_id\\":231811,\\"views\\":194,\\"comments\\":0,\\"pageURL\\":\\"https://pixabay.com/photos/duomo-di-milano-milano-italia-italy-4678705/\\",\\"imageHeight\\":6667,\\"webformatURL\\":\\"https://pixabay.com/get/52e6d24b4d52a914f6da8c7dda79367a103fdce655516c4870287dd0914dc458ba_640.jpg\\",\\"type\\":\\"photo\\",\\"previewHeight\\":99,\\"tags\\":\\"duomo di milano, milano, italia\\",\\"downloads\\":148,\\"user\\":\\"cains\\",\\"favorites\\":1,\\"imageSize\\":9717235,\\"previewWidth\\":150,\\"userImageURL\\":\\"\\",\\"previewURL\\":\\"https://cdn.pixabay.com/photo/2019/12/07/05/48/duomo-di-milano-4678705_150.jpg\\"},{\\"largeImageURL\\":\\"https://pixabay.com/get/52e6d24b4d56af14f6da8c7dda79367a103fdce655516c4870287dd0914dc458ba_1280.jpg\\",\\"webformatHeight\\":426,\\"webformatWidth\\":640,\\"likes\\":0,\\"imageWidth\\":10000,\\"id\\":4678743,\\"user_id\\":231811,\\"views\\":137,\\"comments\\":0,\\"pageURL\\":\\"https://pixabay.com/photos/museo-del-duomo-duomo-di-milano-4678743/\\",\\"imageHeight\\":6667,\\"webformatURL\\":\\"https://pixabay.com/get/52e6d24b4d56af14f6da8c7dda79367a103fdce655516c4870287dd0914dc458ba_640.jpg\\",\\"type\\":\\"photo\\",\\"previewHeight\\":99,\\"tags\\":\\"museo del duomo, duomo di milano, museo\\",\\"downloads\\":96,\\"user\\":\\"cains\\",\\"favorites\\":1,\\"imageSize\\":6676803,\\"previewWidth\\":150,\\"userImageURL\\":\\"\\",\\"previewURL\\":\\"https://cdn.pixabay.com/photo/2019/12/07/06/19/museo-del-duomo-4678743_150.jpg\\"},{\\"largeImageURL\\":\\"https://pixabay.com/get/52e6d24b4d51aa14f6da8c7dda79367a103fdce655516c4870287dd0914dc458ba_1280.jpg\\",\\"webformatHeight\\":426,\\"webformatWidth\\":640,\\"likes\\":1,\\"imageWidth\\":10000,\\"id\\":4678736,\\"user_id\\":231811,\\"views\\":197,\\"comments\\":0,\\"pageURL\\":\\"https://pixabay.com/photos/duomo-di-milano-milano-italy-city-4678736/\\",\\"imageHeight\\":6667,\\"webformatURL\\":\\"https://pixabay.com/get/52e6d24b4d51aa14f6da8c7dda79367a103fdce655516c4870287dd0914dc458ba_640.jpg\\",\\"type\\":\\"photo\\",\\"previewHeight\\":99,\\"tags\\":\\"duomo di milano, milano, italy\\",\\"downloads\\":144,\\"user\\":\\"cains\\",\\"favorites\\":0,\\"imageSize\\":11896318,\\"previewWidth\\":150,\\"userImageURL\\":\\"\\",\\"previewURL\\":\\"https://cdn.pixabay.com/photo/2019/12/07/06/12/duomo-di-milano-4678736_150.jpg\\"},{\\"largeImageURL\\":\\"https://pixabay.com/get/55e6d5424e55ac14f6da8c7dda79367a103fdce655516c4870287dd0914dc458ba_1280.jpg\\",\\"webformatHeight\\":426,\\"webformatWidth\\":640,\\"likes\\":24,\\"imageWidth\\":6000,\\"id\\":3601470,\\"user_id\\":1857980,\\"views\\":6314,\\"comments\\":4,\\"pageURL\\":\\"https://pixabay.com/photos/museum-of-science-and-technology-3601470/\\",\\"imageHeight\\":4000,\\"webformatURL\\":\\"https://pixabay.com/get/55e6d5424e55ac14f6da8c7dda79367a103fdce655516c4870287dd0914dc458ba_640.jpg\\",\\"type\\":\\"photo\\",\\"previewHeight\\":99,\\"tags\\":\\"museum of science and technology, pharmacy, old\\",\\"downloads\\":3538,\\"user\\":\\"dimitrisvetsikas1969\\",\\"favorites\\":22,\\"imageSize\\":7917899,\\"previewWidth\\":150,\\"userImageURL\\":\\"https://cdn.pixabay.com/user/2017/04/08/07-25-27-309_250x250.jpg\\",\\"previewURL\\":\\"https://cdn.pixabay.com/photo/2018/08/12/19/17/museum-of-science-and-technology-3601470_150.jpg\\"},{\\"largeImageURL\\":\\"https://pixabay.com/get/55e6d5424e54aa14f6da8c7dda79367a103fdce655516c4870287dd0914dc458ba_1280.jpg\\",\\"webformatHeight\\":426,\\"webformatWidth\\":640,\\"likes\\":15,\\"imageWidth\\":5521,\\"id\\":3601466,\\"user_id\\":1857980,\\"views\\":1562,\\"comments\\":1,\\"pageURL\\":\\"https://pixabay.com/photos/facade-house-door-windows-3601466/\\",\\"imageHeight\\":3681,\\"webformatURL\\":\\"https://pixabay.com/get/55e6d5424e54aa14f6da8c7dda79367a103fdce655516c4870287dd0914dc458ba_640.jpg\\",\\"type\\":\\"photo\\",\\"previewHeight\\":99,\\"tags\\":\\"facade, house, door\\",\\"downloads\\":818,\\"user\\":\\"dimitrisvetsikas1969\\",\\"favorites\\":21,\\"imageSize\\":4536010,\\"previewWidth\\":150,\\"userImageURL\\":\\"https://cdn.pixabay.com/user/2017/04/08/07-25-27-309_250x250.jpg\\",\\"previewURL\\":\\"https://cdn.pixabay.com/photo/2018/08/12/19/16/facade-3601466_150.jpg\\"},{\\"largeImageURL\\":\\"https://pixabay.com/get/57e1d1444851b108f5d084609629337b153ddde3534c704c72297fd2974cc55a_1280.jpg\\",\\"webformatHeight\\":426,\\"webformatWidth\\":640,\\"likes\\":15,\\"imageWidth\\":4752,\\"id\\":114723,\\"user_id\\":37305,\\"views\\":7015,\\"comments\\":3,\\"pageURL\\":\\"https://pixabay.com/photos/milan-dom-architecture-milano-114723/\\",\\"imageHeight\\":3168,\\"webformatURL\\":\\"https://pixabay.com/get/57e1d1444851b108f5d084609629337b153ddde3534c704c72297fd2974cc55a_640.jpg\\",\\"type\\":\\"photo\\",\\"previewHeight\\":99,\\"tags\\":\\"milan, dom, architecture\\",\\"downloads\\":2387,\\"user\\":\\"groezi\\",\\"favorites\\":6,\\"imageSize\\":2619228,\\"previewWidth\\":150,\\"userImageURL\\":\\"\\",\\"previewURL\\":\\"https://cdn.pixabay.com/photo/2013/05/30/16/20/milan-114723_150.jpg\\"},{\\"largeImageURL\\":\\"https://pixabay.com/get/55e5d74a4851ac14f6da8c7dda79367a103fdce655516c4870287dd0914dc458ba_1280.jpg\\",\\"webformatHeight\\":334,\\"webformatWidth\\":640,\\"likes\\":19,\\"imageWidth\\":5654,\\"id\\":3529230,\\"user_id\\":1857980,\\"views\\":2718,\\"comments\\":3,\\"pageURL\\":\\"https://pixabay.com/photos/pinacoteca-di-brera-art-paintings-3529230/\\",\\"imageHeight\\":2957,\\"webformatURL\\":\\"https://pixabay.com/get/55e5d74a4851ac14f6da8c7dda79367a103fdce655516c4870287dd0914dc458ba_640.jpg\\",\\"type\\":\\"photo\\",\\"previewHeight\\":78,\\"tags\\":\\"pinacoteca di brera, art, paintings\\",\\"downloads\\":1206,\\"user\\":\\"dimitrisvetsikas1969\\",\\"favorites\\":14,\\"imageSize\\":5730496,\\"previewWidth\\":150,\\"userImageURL\\":\\"https://cdn.pixabay.com/user/2017/04/08/07-25-27-309_250x250.jpg\\",\\"previewURL\\":\\"https://cdn.pixabay.com/photo/2018/07/10/17/40/pinacoteca-di-brera-3529230_150.jpg\\"},{\\"largeImageURL\\":\\"https://pixabay.com/get/54e5d5464a5aad14f6da8c7dda79367a103fdce655516c4870287dd0914dc458ba_1280.jpg\\",\\"webformatHeight\\":426,\\"webformatWidth\\":640,\\"likes\\":37,\\"imageWidth\\":6000,\\"id\\":2505081,\\"user_id\\":1032521,\\"views\\":2712,\\"comments\\":13,\\"pageURL\\":\\"https://pixabay.com/photos/auto-oldtimer-classic-automotive-2505081/\\",\\"imageHeight\\":4000,\\"webformatURL\\":\\"https://pixabay.com/get/54e5d5464a5aad14f6da8c7dda79367a103fdce655516c4870287dd0914dc458ba_640.jpg\\",\\"type\\":\\"photo\\",\\"previewHeight\\":99,\\"tags\\":\\"auto, oldtimer, classic\\",\\"downloads\\":1192,\\"user\\":\\"Tama66\\",\\"favorites\\":20,\\"imageSize\\":8739815,\\"previewWidth\\":150,\\"userImageURL\\":\\"https://cdn.pixabay.com/user/2019/11/27/20-11-32-75_250x250.jpeg\\",\\"previewURL\\":\\"https://cdn.pixabay.com/photo/2017/07/14/21/49/auto-2505081_150.jpg\\"},{\\"largeImageURL\\":\\"https://pixabay.com/get/55e5d6474950a814f6da8c7dda79367a103fdce655516c4870287dd0914dc458ba_1280.jpg\\",\\"webformatHeight\\":426,\\"webformatWidth\\":640,\\"likes\\":21,\\"imageWidth\\":6000,\\"id\\":3534324,\\"user_id\\":1857980,\\"views\\":2664,\\"comments\\":4,\\"pageURL\\":\\"https://pixabay.com/photos/arco-della-pace-arc-milan-milano-3534324/\\",\\"imageHeight\\":4000,\\"webformatURL\\":\\"https://pixabay.com/get/55e5d6474950a814f6da8c7dda79367a103fdce655516c4870287dd0914dc458ba_640.jpg\\",\\"type\\":\\"photo\\",\\"previewHeight\\":99,\\"tags\\":\\"arco della pace, arc, milan\\",\\"downloads\\":1283,\\"user\\":\\"dimitrisvetsikas1969\\",\\"favorites\\":13,\\"imageSize\\":5525522,\\"previewWidth\\":150,\\"userImageURL\\":\\"https://cdn.pixabay.com/user/2017/04/08/07-25-27-309_250x250.jpg\\",\\"previewURL\\":\\"https://cdn.pixabay.com/photo/2018/07/12/20/35/arco-della-pace-3534324_150.jpg\\"},{\\"largeImageURL\\":\\"https://pixabay.com/get/55e5d7404d50ac14f6da8c7dda79367a103fdce655516c4870287dd0914dc458ba_1280.jpg\\",\\"webformatHeight\\":426,\\"webformatWidth\\":640,\\"likes\\":27,\\"imageWidth\\":6000,\\"id\\":3523720,\\"user_id\\":1857980,\\"views\\":7056,\\"comments\\":6,\\"pageURL\\":\\"https://pixabay.com/photos/italy-milano-duomo-square-3523720/\\",\\"imageHeight\\":4000,\\"webformatURL\\":\\"https://pixabay.com/get/55e5d7404d50ac14f6da8c7dda79367a103fdce655516c4870287dd0914dc458ba_640.jpg\\",\\"type\\":\\"photo\\",\\"previewHeight\\":99,\\"tags\\":\\"italy, milano, duomo square\\",\\"downloads\\":3516,\\"user\\":\\"dimitrisvetsikas1969\\",\\"favorites\\":20,\\"imageSize\\":6038428,\\"previewWidth\\":150,\\"userImageURL\\":\\"https://cdn.pixabay.com/user/2017/04/08/07-25-27-309_250x250.jpg\\",\\"previewURL\\":\\"https://cdn.pixabay.com/photo/2018/07/08/11/20/italy-3523720_150.jpg\\"},{\\"largeImageURL\\":\\"https://pixabay.com/get/55e5d7404c56ac14f6da8c7dda79367a103fdce655516c4870287dd0914dc458ba_1280.jpg\\",\\"webformatHeight\\":426,\\"webformatWidth\\":640,\\"likes\\":30,\\"imageWidth\\":6000,\\"id\\":3523640,\\"user_id\\":1857980,\\"views\\":7185,\\"comments\\":2,\\"pageURL\\":\\"https://pixabay.com/photos/italy-milano-duomo-square-3523640/\\",\\"imageHeight\\":4000,\\"webformatURL\\":\\"https://pixabay.com/get/55e5d7404c56ac14f6da8c7dda79367a103fdce655516c4870287dd0914dc458ba_640.jpg\\",\\"type\\":\\"photo\\",\\"previewHeight\\":99,\\"tags\\":\\"italy, milano, duomo square\\",\\"downloads\\":2749,\\"user\\":\\"dimitrisvetsikas1969\\",\\"favorites\\":16,\\"imageSize\\":7413799,\\"previewWidth\\":150,\\"userImageURL\\":\\"https://cdn.pixabay.com/user/2017/04/08/07-25-27-309_250x250.jpg\\",\\"previewURL\\":\\"https://cdn.pixabay.com/photo/2018/07/08/10/34/italy-3523640_150.jpg\\"},{\\"largeImageURL\\":\\"https://pixabay.com/get/55e7dd4b4d5aab14f6da8c7dda79367a103fdce655516c4870287dd0914dc458ba_1280.jpg\\",\\"webformatHeight\\":479,\\"webformatWidth\\":640,\\"likes\\":20,\\"imageWidth\\":5207,\\"id\\":3788787,\\"user_id\\":1857980,\\"views\\":3563,\\"comments\\":3,\\"pageURL\\":\\"https://pixabay.com/photos/architecture-building-city-3788787/\\",\\"imageHeight\\":3905,\\"webformatURL\\":\\"https://pixabay.com/get/55e7dd4b4d5aab14f6da8c7dda79367a103fdce655516c4870287dd0914dc458ba_640.jpg\\",\\"type\\":\\"photo\\",\\"previewHeight\\":112,\\"tags\\":\\"architecture, building, city\\",\\"downloads\\":1689,\\"user\\":\\"dimitrisvetsikas1969\\",\\"favorites\\":12,\\"imageSize\\":5885341,\\"previewWidth\\":150,\\"userImageURL\\":\\"https://cdn.pixabay.com/user/2017/04/08/07-25-27-309_250x250.jpg\\",\\"previewURL\\":\\"https://cdn.pixabay.com/photo/2018/11/01/18/44/architecture-3788787_150.jpg\\"},{\\"largeImageURL\\":\\"https://pixabay.com/get/52e2d140495aa814f6da8c7dda79367a103fdce655516c4870287dd0914dc458ba_1280.jpg\\",\\"webformatHeight\\":426,\\"webformatWidth\\":640,\\"likes\\":45,\\"imageWidth\\":5813,\\"id\\":4243384,\\"user_id\\":6355831,\\"views\\":1656,\\"comments\\":50,\\"pageURL\\":\\"https://pixabay.com/photos/spring-lilac-butterfly-the-smell-of-4243384/\\",\\"imageHeight\\":3875,\\"webformatURL\\":\\"https://pixabay.com/get/52e2d140495aa814f6da8c7dda79367a103fdce655516c4870287dd0914dc458ba_640.jpg\\",\\"type\\":\\"photo\\",\\"previewHeight\\":99,\\"tags\\":\\"spring, lilac, butterfly\\",\\"downloads\\":1148,\\"user\\":\\"pasja1000\\",\\"favorites\\":13,\\"imageSize\\":3242313,\\"previewWidth\\":150,\\"userImageURL\\":\\"https://cdn.pixabay.com/user/2019/11/23/18-31-42-319_250x250.jpg\\",\\"previewURL\\":\\"https://cdn.pixabay.com/photo/2019/06/01/03/35/spring-4243384_150.jpg\\"},{\\"largeImageURL\\":\\"https://pixabay.com/get/55e5d74a4b57ab14f6da8c7dda79367a103fdce655516c4870287dd0914dc458ba_1280.jpg\\",\\"webformatHeight\\":426,\\"webformatWidth\\":640,\\"likes\\":15,\\"imageWidth\\":6000,\\"id\\":3529157,\\"user_id\\":1857980,\\"views\\":1693,\\"comments\\":3,\\"pageURL\\":\\"https://pixabay.com/photos/pinacoteca-di-brera-sculpture-art-3529157/\\",\\"imageHeight\\":4000,\\"webformatURL\\":\\"https://pixabay.com/get/55e5d74a4b57ab14f6da8c7dda79367a103fdce655516c4870287dd0914dc458ba_640.jpg\\",\\"type\\":\\"photo\\",\\"previewHeight\\":99,\\"tags\\":\\"pinacoteca di brera, sculpture, art\\",\\"downloads\\":635,\\"user\\":\\"dimitrisvetsikas1969\\",\\"favorites\\":11,\\"imageSize\\":2720603,\\"previewWidth\\":150,\\"userImageURL\\":\\"https://cdn.pixabay.com/user/2017/04/08/07-25-27-309_250x250.jpg\\",\\"previewURL\\":\\"https://cdn.pixabay.com/photo/2018/07/10/17/17/pinacoteca-di-brera-3529157_150.jpg\\"},{\\"largeImageURL\\":\\"https://pixabay.com/get/52e6dc464355a814f6da8c7dda79367a103fdce655516c4870287dd0914dc458ba_1280.jpg\\",\\"webformatHeight\\":456,\\"webformatWidth\\":640,\\"likes\\":1,\\"imageWidth\\":5042,\\"id\\":4695974,\\"user_id\\":1857980,\\"views\\":1,\\"comments\\":0,\\"pageURL\\":\\"https://pixabay.com/photos/italy-milano-duomo-square-4695974/\\",\\"imageHeight\\":3599,\\"webformatURL\\":\\"https://pixabay.com/get/52e6dc464355a814f6da8c7dda79367a103fdce655516c4870287dd0914dc458ba_640.jpg\\",\\"type\\":\\"photo\\",\\"previewHeight\\":106,\\"tags\\":\\"italy, milano, duomo square\\",\\"downloads\\":0,\\"user\\":\\"dimitrisvetsikas1969\\",\\"favorites\\":0,\\"imageSize\\":4706319,\\"previewWidth\\":150,\\"userImageURL\\":\\"https://cdn.pixabay.com/user/2017/04/08/07-25-27-309_250x250.jpg\\",\\"previewURL\\":\\"https://cdn.pixabay.com/photo/2019/12/14/22/59/italy-4695974_150.jpg\\"},{\\"largeImageURL\\":\\"https://pixabay.com/get/55e6d5404351a414f6da8c7dda79367a103fdce655516c4870287dd0914dc458ba_1280.jpg\\",\\"webformatHeight\\":359,\\"webformatWidth\\":640,\\"likes\\":11,\\"imageWidth\\":5926,\\"id\\":3603938,\\"user_id\\":1857980,\\"views\\":1846,\\"comments\\":5,\\"pageURL\\":\\"https://pixabay.com/photos/train-locomotive-railway-transport-3603938/\\",\\"imageHeight\\":3329,\\"webformatURL\\":\\"https://pixabay.com/get/55e6d5404351a414f6da8c7dda79367a103fdce655516c4870287dd0914dc458ba_640.jpg\\",\\"type\\":\\"photo\\",\\"previewHeight\\":84,\\"tags\\":\\"train, locomotive, railway\\",\\"downloads\\":1124,\\"user\\":\\"dimitrisvetsikas1969\\",\\"favorites\\":9,\\"imageSize\\":10176271,\\"previewWidth\\":150,\\"userImageURL\\":\\"https://cdn.pixabay.com/user/2017/04/08/07-25-27-309_250x250.jpg\\",\\"previewURL\\":\\"https://cdn.pixabay.com/photo/2018/08/13/20/51/train-3603938_150.jpg\\"},{\\"largeImageURL\\":\\"https://pixabay.com/get/55e5d2404252ae14f6da8c7dda79367a103fdce655516c4870287dd0914dc458ba_1280.jpg\\",\\"webformatHeight\\":426,\\"webformatWidth\\":640,\\"likes\\":17,\\"imageWidth\\":6000,\\"id\\":3573802,\\"user_id\\":1857980,\\"views\\":2052,\\"comments\\":3,\\"pageURL\\":\\"https://pixabay.com/photos/bridge-park-lake-forest-morning-3573802/\\",\\"imageHeight\\":4000,\\"webformatURL\\":\\"https://pixabay.com/get/55e5d2404252ae14f6da8c7dda79367a103fdce655516c4870287dd0914dc458ba_640.jpg\\",\\"type\\":\\"photo\\",\\"previewHeight\\":99,\\"tags\\":\\"bridge, park, lake\\",\\"downloads\\":1197,\\"user\\":\\"dimitrisvetsikas1969\\",\\"favorites\\":14,\\"imageSize\\":9935194,\\"previewWidth\\":150,\\"userImageURL\\":\\"https://cdn.pixabay.com/user/2017/04/08/07-25-27-309_250x250.jpg\\",\\"previewURL\\":\\"https://cdn.pixabay.com/photo/2018/07/30/22/46/bridge-3573802_150.jpg\\"},{\\"largeImageURL\\":\\"https://pixabay.com/get/55e5d7404c51a914f6da8c7dda79367a103fdce655516c4870287dd0914dc458ba_1280.jpg\\",\\"webformatHeight\\":426,\\"webformatWidth\\":640,\\"likes\\":24,\\"imageWidth\\":5847,\\"id\\":3523635,\\"user_id\\":1857980,\\"views\\":5626,\\"comments\\":3,\\"pageURL\\":\\"https://pixabay.com/photos/italy-milano-duomo-square-3523635/\\",\\"imageHeight\\":3899,\\"webformatURL\\":\\"https://pixabay.com/get/55e5d7404c51a914f6da8c7dda79367a103fdce655516c4870287dd0914dc458ba_640.jpg\\",\\"type\\":\\"photo\\",\\"previewHeight\\":99,\\"tags\\":\\"italy, milano, duomo square\\",\\"downloads\\":2581,\\"user\\":\\"dimitrisvetsikas1969\\",\\"favorites\\":16,\\"imageSize\\":3866882,\\"previewWidth\\":150,\\"userImageURL\\":\\"https://cdn.pixabay.com/user/2017/04/08/07-25-27-309_250x250.jpg\\",\\"previewURL\\":\\"https://cdn.pixabay.com/photo/2018/07/08/10/26/italy-3523635_150.jpg\\"},{\\"largeImageURL\\":\\"https://pixabay.com/get/5ee8dc4b4a55b108f5d084609629337b153ddde3534c704c72297fd2974cc55a_1280.jpg\\",\\"webformatHeight\\":426,\\"webformatWidth\\":640,\\"likes\\":35,\\"imageWidth\\":2000,\\"id\\":889807,\\"user_id\\":455298,\\"views\\":5678,\\"comments\\":13,\\"pageURL\\":\\"https://pixabay.com/photos/hummingbird-hawk-moth-carp-tail-owls-889807/\\",\\"imageHeight\\":1333,\\"webformatURL\\":\\"https://pixabay.com/get/5ee8dc4b4a55b108f5d084609629337b153ddde3534c704c72297fd2974cc55a_640.jpg\\",\\"type\\":\\"photo\\",\\"previewHeight\\":99,\\"tags\\":\\"hummingbird hawk moth, carp tail, owls\\",\\"downloads\\":1439,\\"user\\":\\"nidan\\",\\"favorites\\":35,\\"imageSize\\":605990,\\"previewWidth\\":150,\\"userImageURL\\":\\"https://cdn.pixabay.com/user/2015/05/01/10-38-03-951_250x250.jpg\\",\\"previewURL\\":\\"https://cdn.pixabay.com/photo/2015/08/15/17/12/hummingbird-hawk-moth-889807_150.jpg\\"}],\\"total\\":158}",
}
`;
